\BOOKMARK [0][-]{chapter.1}{\376\377\000I\000n\000t\000r\000o\000d\000u\000c\000e\000r\000e}{}% 1
\BOOKMARK [1][-]{section.1.1}{\376\377\000L\000o\000r\000e\000m\000\040\000i\000p\000s\000u\000m}{chapter.1}% 2
\BOOKMARK [1][-]{section.1.2}{\376\377\000D\000o\000l\000o\000r\000\040\000s\000i\000t\000\040\000a\000m\000e\000t}{chapter.1}% 3
\BOOKMARK [2][-]{subsection.1.2.1}{\376\377\000Q\000u\000i\000s\000\040\000t\000e\000l\000l\000u\000s\000\040\000v\000i\000t\000a\000e}{section.1.2}% 4
\BOOKMARK [0][-]{chapter.2}{\376\377\000P\000r\000e\000l\000i\000m\000i\000n\000a\000r\000i\000i}{}% 5
\BOOKMARK [0][-]{chapter.3}{\376\377\000M\000e\000t\000h\000o\000d\000s\000\040\000a\000n\000d\000\040\000E\000x\000p\000e\000r\000i\000m\000e\000n\000t\000a\000l\000\040\000S\000e\000t\000u\000p}{}% 6
\BOOKMARK [1][-]{section.3.1}{\376\377\000A\000n\000o\000m\000a\000l\000y\000\040\000D\000e\000t\000e\000c\000t\000i\000o\000n\000\040\000P\000a\000r\000a\000d\000i\000g\000m\000s}{chapter.3}% 7
\BOOKMARK [2][-]{subsection.3.1.1}{\376\377\000O\000n\000e\000-\000C\000l\000a\000s\000s\000\040\000S\000V\000M}{section.3.1}% 8
\BOOKMARK [2][-]{subsection.3.1.2}{\376\377\000I\000s\000o\000l\000a\000t\000i\000o\000n\000\040\000F\000o\000r\000e\000s\000t}{section.3.1}% 9
\BOOKMARK [2][-]{subsection.3.1.3}{\376\377\000F\000e\000e\000d\000f\000o\000r\000w\000a\000r\000d\000\040\000A\000u\000t\000o\000e\000n\000c\000o\000d\000e\000r}{section.3.1}% 10
\BOOKMARK [2][-]{subsection.3.1.4}{\376\377\000L\000S\000T\000M\000\040\000A\000u\000t\000o\000e\000n\000c\000o\000d\000e\000r}{section.3.1}% 11
\BOOKMARK [2][-]{subsection.3.1.5}{\376\377\000P\000r\000e\000d\000i\000c\000t\000i\000v\000e\000\040\000L\000S\000T\000M}{section.3.1}% 12
\BOOKMARK [2][-]{subsection.3.1.6}{\376\377\000T\000r\000a\000n\000s\000f\000o\000r\000m\000e\000r\000-\000B\000a\000s\000e\000d\000\040\000A\000u\000t\000o\000e\000n\000c\000o\000d\000e\000r\000s}{section.3.1}% 13
\BOOKMARK [1][-]{section.3.2}{\376\377\000D\000a\000t\000a\000s\000e\000t\000s}{chapter.3}% 14
\BOOKMARK [2][-]{subsection.3.2.1}{\376\377\000C\000r\000e\000d\000i\000t\000\040\000C\000a\000r\000d\000\040\000F\000r\000a\000u\000d\000\040\000D\000e\000t\000e\000c\000t\000i\000o\000n\000\040\000\050\000D\000a\000t\000a\000s\000e\000t\000\040\000A\000\051}{section.3.2}% 15
\BOOKMARK [2][-]{subsection.3.2.2}{\376\377\000Y\000a\000h\000o\000o\000\040\000W\000e\000b\000s\000c\000o\000p\000e\000\040\000S\0005\000\040\000\050\000D\000a\000t\000a\000s\000e\000t\000\040\000B\000\051}{section.3.2}% 16
\BOOKMARK [2][-]{subsection.3.2.3}{\376\377\000C\000I\000C\000-\000I\000D\000S\0002\0000\0001\0007\000\040\000\050\000D\000a\000t\000a\000s\000e\000t\000\040\000C\000\051}{section.3.2}% 17
\BOOKMARK [1][-]{section.3.3}{\376\377\000P\000r\000e\000p\000r\000o\000c\000e\000s\000s\000i\000n\000g}{chapter.3}% 18
\BOOKMARK [2][-]{subsection.3.3.1}{\376\377\000T\000a\000b\000u\000l\000a\000r\000\040\000P\000r\000e\000p\000r\000o\000c\000e\000s\000s\000i\000n\000g\000\040\000\050\000C\000r\000e\000d\000i\000t\000\040\000C\000a\000r\000d\000\051}{section.3.3}% 19
\BOOKMARK [2][-]{subsection.3.3.2}{\376\377\000T\000i\000m\000e\000-\000S\000e\000r\000i\000e\000s\000\040\000W\000i\000n\000d\000o\000w\000i\000n\000g\000\040\000\050\000Y\000a\000h\000o\000o\000\040\000S\0005\000\051}{section.3.3}% 20
\BOOKMARK [2][-]{subsection.3.3.3}{\376\377\000N\000e\000t\000w\000o\000r\000k\000\040\000F\000l\000o\000w\000\040\000P\000r\000e\000p\000r\000o\000c\000e\000s\000s\000i\000n\000g\000\040\000\050\000C\000I\000C\000-\000I\000D\000S\0002\0000\0001\0007\000\051}{section.3.3}% 21
\BOOKMARK [1][-]{section.3.4}{\376\377\000H\000y\000p\000e\000r\000p\000a\000r\000a\000m\000e\000t\000e\000r\000\040\000C\000h\000o\000i\000c\000e\000s\000\040\000a\000n\000d\000\040\000A\000r\000c\000h\000i\000t\000e\000c\000t\000u\000r\000e\000\040\000S\000t\000a\000n\000d\000a\000r\000d\000i\000z\000a\000t\000i\000o\000n}{chapter.3}% 22
\BOOKMARK [1][-]{section.3.5}{\376\377\000E\000v\000a\000l\000u\000a\000t\000i\000o\000n\000\040\000P\000r\000o\000t\000o\000c\000o\000l}{chapter.3}% 23
\BOOKMARK [0][-]{chapter.4}{\376\377\000E\000x\000p\000e\000r\000i\000m\000e\000n\000t\000a\000l\000\040\000R\000e\000s\000u\000l\000t\000s}{}% 24
\BOOKMARK [1][-]{section.4.1}{\376\377\000C\000r\000e\000d\000i\000t\000\040\000C\000a\000r\000d\000\040\000F\000r\000a\000u\000d\000\040\000D\000e\000t\000e\000c\000t\000i\000o\000n\000\040\000\050\000D\000a\000t\000a\000s\000e\000t\000\040\000A\000\051}{chapter.4}% 25
\BOOKMARK [2][-]{subsection.4.1.1}{\376\377\000O\000v\000e\000r\000a\000l\000l\000\040\000C\000o\000m\000p\000a\000r\000i\000s\000o\000n}{section.4.1}% 26
\BOOKMARK [2][-]{subsection.4.1.2}{\376\377\000D\000i\000s\000c\000u\000s\000s\000i\000o\000n}{section.4.1}% 27
\BOOKMARK [1][-]{section.4.2}{\376\377\000Y\000a\000h\000o\000o\000\040\000W\000e\000b\000s\000c\000o\000p\000e\000\040\000S\0005\000\040\000\050\000D\000a\000t\000a\000s\000e\000t\000\040\000B\000\051}{chapter.4}% 28
\BOOKMARK [2][-]{subsection.4.2.1}{\376\377\000A\0001\000\040\040\023\000\040\000P\000o\000i\000n\000t\000\040\000A\000n\000o\000m\000a\000l\000i\000e\000s\000\040\000\050\000R\000e\000a\000l\000\040\000S\000e\000r\000v\000e\000r\000\040\000M\000e\000t\000r\000i\000c\000s\000\051}{section.4.2}% 29
\BOOKMARK [2][-]{subsection.4.2.2}{\376\377\000A\0003\000\040\040\023\000\040\000C\000o\000n\000t\000e\000x\000t\000u\000a\000l\000/\000S\000e\000a\000s\000o\000n\000a\000l\000\040\000A\000n\000o\000m\000a\000l\000i\000e\000s}{section.4.2}% 30
\BOOKMARK [2][-]{subsection.4.2.3}{\376\377\000A\0004\000\040\040\023\000\040\000L\000e\000v\000e\000l\000-\000S\000h\000i\000f\000t\000\040\000A\000n\000o\000m\000a\000l\000i\000e\000s}{section.4.2}% 31
\BOOKMARK [2][-]{subsection.4.2.4}{\376\377\000T\000r\000i\000v\000i\000a\000l\000\040\000B\000a\000s\000e\000l\000i\000n\000e\000\040\000S\000a\000n\000i\000t\000y\000\040\000C\000h\000e\000c\000k}{section.4.2}% 32
\BOOKMARK [2][-]{subsection.4.2.5}{\376\377\000D\000i\000s\000c\000u\000s\000s\000i\000o\000n}{section.4.2}% 33
\BOOKMARK [1][-]{section.4.3}{\376\377\000C\000I\000C\000-\000I\000D\000S\0002\0000\0001\0007\000\040\000\050\000D\000a\000t\000a\000s\000e\000t\000\040\000C\000\051}{chapter.4}% 34
\BOOKMARK [2][-]{subsection.4.3.1}{\376\377\000F\000l\000a\000t\000\040\000v\000s\000.\000\040\000T\000e\000m\000p\000o\000r\000a\000l\000\040\000v\000s\000.\000\040\000H\000o\000s\000t\000-\000C\000o\000n\000t\000e\000x\000t\000\040\000F\000e\000a\000t\000u\000r\000e\000s}{section.4.3}% 35
\BOOKMARK [2][-]{subsection.4.3.2}{\376\377\000P\000e\000r\000-\000A\000t\000t\000a\000c\000k\000-\000T\000y\000p\000e\000\040\000B\000r\000e\000a\000k\000d\000o\000w\000n}{section.4.3}% 36
\BOOKMARK [2][-]{subsection.4.3.3}{\376\377\000D\000i\000s\000c\000u\000s\000s\000i\000o\000n}{section.4.3}% 37
\BOOKMARK [0][-]{chapter.5}{\376\377\000C\000o\000n\000c\000l\000u\000z\000i\000i}{}% 38
\BOOKMARK [0][-]{chapter*.2}{\376\377\000B\000i\000b\000l\000i\000o\000g\000r\000a\000f\000i\000e}{}% 39
