\BOOKMARK [0][-]{chapter.1}{\376\377\000I\000n\000t\000r\000o\000d\000u\000c\000e\000r\000e}{}% 1
\BOOKMARK [1][-]{section.1.1}{\376\377\000C\000o\000n\000t\000e\000x\000t\000\040\002\031\000i\000\040\000M\000o\000t\000i\000v\000a\002\033\000i\000e}{chapter.1}% 2
\BOOKMARK [1][-]{section.1.2}{\376\377\000S\000t\000r\000u\000c\000t\000u\000r\000a\000\040\000L\000u\000c\000r\001\003\000r\000i\000i}{chapter.1}% 3
\BOOKMARK [0][-]{chapter.2}{\376\377\000P\000r\000e\000l\000i\000m\000i\000n\000a\000r\000i\000i}{}% 4
\BOOKMARK [1][-]{section.2.1}{\376\377\000P\000r\000o\000i\000e\000c\000t\000a\000r\000e\000a\000\040\002\031\000i\000\040\000A\000b\000o\000r\000d\000a\000r\000e\000a\000\040\000C\000e\000r\000c\000e\000t\001\003\000r\000i\000i}{chapter.2}% 5
\BOOKMARK [2][-]{subsection.2.1.1}{\376\377\000I\000p\000o\000t\000e\000z\000e\000\040\002\031\000i\000\040\000C\000o\000m\000p\000o\000r\000t\000a\000m\000e\000n\000t\000\040\000A\002\031\000t\000e\000p\000t\000a\000t}{section.2.1}% 6
\BOOKMARK [1][-]{section.2.2}{\376\377\000A\000l\000g\000o\000r\000i\000t\000m\000i\000\040\000d\000e\000\040\000D\000e\000t\000e\000c\002\033\000i\000e\000\040\000a\000\040\000A\000n\000o\000m\000a\000l\000i\000i\000l\000o\000r}{chapter.2}% 7
\BOOKMARK [2][-]{subsection.2.2.1}{\376\377\000M\000o\000d\000e\000l\000e\000\040\000C\000l\000a\000s\000i\000c\000e\000:\000\040\000O\000n\000e\000-\000C\000l\000a\000s\000s\000\040\000S\000V\000M\000\040\002\031\000i\000\040\000I\000s\000o\000l\000a\000t\000i\000o\000n\000\040\000F\000o\000r\000e\000s\000t}{section.2.2}% 8
\BOOKMARK [2][-]{subsection.2.2.2}{\376\377\000A\000u\000t\000o\000e\000n\000c\000o\000d\000e\000r\000\040\000F\000e\000e\000d\000f\000o\000r\000w\000a\000r\000d\000\040\000\050\000M\000L\000P\000\051}{section.2.2}% 9
\BOOKMARK [2][-]{subsection.2.2.3}{\376\377\000A\000u\000t\000o\000e\000n\000c\000o\000d\000e\000r\000\040\000L\000S\000T\000M}{section.2.2}% 10
\BOOKMARK [2][-]{subsection.2.2.4}{\376\377\000L\000S\000T\000M\000\040\000P\000r\000e\000d\000i\000c\000t\000i\000v}{section.2.2}% 11
\BOOKMARK [2][-]{subsection.2.2.5}{\376\377\000A\000u\000t\000o\000e\000n\000c\000o\000d\000e\000r\000e\000\040\000B\000a\000z\000a\000t\000e\000\040\000p\000e\000\040\000T\000r\000a\000n\000s\000f\000o\000r\000m\000e\000r}{section.2.2}% 12
\BOOKMARK [1][-]{section.2.3}{\376\377\000S\000e\000t\000u\000r\000i\000l\000e\000\040\000d\000e\000\040\000D\000a\000t\000e}{chapter.2}% 13
\BOOKMARK [2][-]{subsection.2.3.1}{\376\377\000C\000r\000e\000d\000i\000t\000\040\000C\000a\000r\000d\000\040\000F\000r\000a\000u\000d\000\040\000D\000e\000t\000e\000c\000t\000i\000o\000n\000\040\000\050\000S\000e\000t\000u\000l\000\040\000d\000e\000\040\000D\000a\000t\000e\000\040\000A\000\051}{section.2.3}% 14
\BOOKMARK [2][-]{subsection.2.3.2}{\376\377\000Y\000a\000h\000o\000o\000\040\000W\000e\000b\000s\000c\000o\000p\000e\000\040\000S\0005\000\040\000\050\000S\000e\000t\000u\000l\000\040\000d\000e\000\040\000D\000a\000t\000e\000\040\000B\000\051}{section.2.3}% 15
\BOOKMARK [2][-]{subsection.2.3.3}{\376\377\000C\000I\000C\000-\000I\000D\000S\0002\0000\0001\0007\000\040\000\050\000S\000e\000t\000u\000l\000\040\000d\000e\000\040\000D\000a\000t\000e\000\040\000C\000\051}{section.2.3}% 16
\BOOKMARK [0][-]{chapter.3}{\376\377\000M\000e\000t\000o\000d\000e\000\040\002\031\000i\000\040\000C\000o\000n\000f\000i\000g\000u\000r\000a\000r\000e\000\040\000E\000x\000p\000e\000r\000i\000m\000e\000n\000t\000a\000l\001\003}{}% 17
\BOOKMARK [1][-]{section.3.1}{\376\377\000P\000r\000e\000p\000r\000o\000c\000e\000s\000a\000r\000e}{chapter.3}% 18
\BOOKMARK [2][-]{subsection.3.1.1}{\376\377\000P\000r\000e\000p\000r\000o\000c\000e\000s\000a\000r\000e\000\040\000T\000a\000b\000e\000l\000a\000r\001\003\000\040\000\050\000C\000r\000e\000d\000i\000t\000\040\000C\000a\000r\000d\000\051}{section.3.1}% 19
\BOOKMARK [2][-]{subsection.3.1.2}{\376\377\000C\000r\000e\000a\000r\000e\000a\000\040\000d\000e\000\040\000F\000e\000r\000e\000s\000t\000r\000e\000\040\000p\000e\000n\000t\000r\000u\000\040\000S\000e\000r\000i\000i\000\040\000d\000e\000\040\000T\000i\000m\000p\000\040\000\050\000Y\000a\000h\000o\000o\000\040\000S\0005\000\051}{section.3.1}% 20
\BOOKMARK [2][-]{subsection.3.1.3}{\376\377\000P\000r\000e\000p\000r\000o\000c\000e\000s\000a\000r\000e\000a\000\040\000F\000l\000u\000x\000u\000r\000i\000l\000o\000r\000\040\000d\000e\000\040\000R\000e\002\033\000e\000a\000\040\000\050\000C\000I\000C\000-\000I\000D\000S\0002\0000\0001\0007\000\051}{section.3.1}% 21
\BOOKMARK [1][-]{section.3.2}{\376\377\000P\000r\000o\000t\000o\000c\000o\000l\000u\000l\000\040\000d\000e\000\040\000E\000v\000a\000l\000u\000a\000r\000e}{chapter.3}% 22
\BOOKMARK [2][-]{subsection.3.2.1}{\376\377\000M\000e\000t\000r\000i\000c\000i\000\040\000R\000a\000p\000o\000r\000t\000a\000t\000e}{section.3.2}% 23
\BOOKMARK [2][-]{subsection.3.2.2}{\376\377\000S\000e\000l\000e\000c\002\033\000i\000a\000\040\000P\000r\000a\000g\000u\000l\000u\000i}{section.3.2}% 24
\BOOKMARK [2][-]{subsection.3.2.3}{\376\377\000F\001\003\000r\001\003\000\040\000P\000r\000o\000t\000o\000c\000o\000l\000u\000l\000\040\000P\000o\000i\000n\000t\000\040\000A\000d\000j\000u\000s\000t\000m\000e\000n\000t}{section.3.2}% 25
\BOOKMARK [0][-]{chapter.4}{\376\377\000R\000e\000z\000u\000l\000t\000a\000t\000e\000\040\000E\000x\000p\000e\000r\000i\000m\000e\000n\000t\000a\000l\000e}{}% 26
\BOOKMARK [1][-]{section.4.1}{\376\377\000D\000e\000t\000e\000c\000t\000a\000r\000e\000a\000\040\000F\000r\000a\000u\000d\000e\000i\000\040\000c\000u\000\040\000C\000a\000r\000d\000u\000l\000\040\000d\000e\000\040\000C\000r\000e\000d\000i\000t\000\040\000\050\000S\000e\000t\000u\000l\000\040\000d\000e\000\040\000D\000a\000t\000e\000\040\000A\000\051}{chapter.4}% 27
\BOOKMARK [2][-]{subsection.4.1.1}{\376\377\000C\000o\000m\000p\000a\000r\000a\002\033\000i\000e\000\040\000G\000e\000n\000e\000r\000a\000l\001\003}{section.4.1}% 28
\BOOKMARK [2][-]{subsection.4.1.2}{\376\377\000D\000i\000s\000c\000u\002\033\000i\000e}{section.4.1}% 29
\BOOKMARK [1][-]{section.4.2}{\376\377\000Y\000a\000h\000o\000o\000\040\000W\000e\000b\000s\000c\000o\000p\000e\000\040\000S\0005\000\040\000\050\000S\000e\000t\000u\000l\000\040\000d\000e\000\040\000D\000a\000t\000e\000\040\000B\000\051}{chapter.4}% 30
\BOOKMARK [2][-]{subsection.4.2.1}{\376\377\000A\0001\000\040\040\023\000\040\000A\000n\000o\000m\000a\000l\000i\000i\000\040\000P\000u\000n\000c\000t\000u\000a\000l\000e\000\040\000\050\000M\000e\000t\000r\000i\000c\000i\000\040\000R\000e\000a\000l\000e\000\040\000d\000e\000\040\000S\000e\000r\000v\000e\000r\000\051}{section.4.2}% 31
\BOOKMARK [2][-]{subsection.4.2.2}{\376\377\000A\0003\000\040\040\023\000\040\000A\000n\000o\000m\000a\000l\000i\000i\000\040\000C\000o\000n\000t\000e\000x\000t\000u\000a\000l\000e\000/\000S\000e\000z\000o\000n\000i\000e\000r\000e}{section.4.2}% 32
\BOOKMARK [2][-]{subsection.4.2.3}{\376\377\000A\0004\000\040\040\023\000\040\000A\000n\000o\000m\000a\000l\000i\000i\000\040\000d\000e\000\040\000T\000i\000p\000\040\000S\000c\000h\000i\000m\000b\000a\000r\000e\000-\000d\000e\000-\000N\000i\000v\000e\000l}{section.4.2}% 33
\BOOKMARK [2][-]{subsection.4.2.4}{\376\377\000V\000e\000r\000i\000f\000i\000c\000a\000r\000e\000\040\000d\000e\000\040\000R\000e\000f\000e\000r\000i\000n\002\033\001\003\000\040\000T\000r\000i\000v\000i\000a\000l\001\003\000\040\000\050\000D\000o\000a\000r\000\040\000Y\000a\000h\000o\000o\000\051}{section.4.2}% 34
\BOOKMARK [2][-]{subsection.4.2.5}{\376\377\000D\000i\000s\000c\000u\002\033\000i\000e}{section.4.2}% 35
\BOOKMARK [1][-]{section.4.3}{\376\377\000C\000I\000C\000-\000I\000D\000S\0002\0000\0001\0007\000\040\000\050\000S\000e\000t\000u\000l\000\040\000d\000e\000\040\000D\000a\000t\000e\000\040\000C\000\051}{chapter.4}% 36
\BOOKMARK [2][-]{subsection.4.3.1}{\376\377\000C\000o\000m\000p\000a\000r\000a\002\033\000i\000e\000\040\000G\000e\000n\000e\000r\000a\000l\001\003}{section.4.3}% 37
\BOOKMARK [2][-]{subsection.4.3.2}{\376\377\000D\000e\000t\000a\000l\000i\000e\000r\000e\000\040\000p\000e\000\040\000T\000i\000p\000\040\000d\000e\000\040\000A\000t\000a\000c}{section.4.3}% 38
\BOOKMARK [2][-]{subsection.4.3.3}{\376\377\000D\000i\000s\000c\000u\002\033\000i\000e}{section.4.3}% 39
\BOOKMARK [0][-]{chapter.5}{\376\377\000S\000t\000u\000d\000i\000i\000\040\000d\000e\000\040\000C\000a\000z\000\040\000d\000e\000\040\000E\000x\000p\000l\000i\000c\000a\000b\000i\000l\000i\000t\000a\000t\000e}{}% 40
\BOOKMARK [1][-]{section.5.1}{\376\377\000L\000o\000c\000a\000l\000i\000z\000a\000r\000e\000a\000\040\000E\000r\000o\000r\000i\000i\000\040\000d\000e\000\040\000R\000e\000c\000o\000n\000s\000t\000r\000u\000c\002\033\000i\000e\000\040\000p\000e\000\040\000Y\000a\000h\000o\000o\000\040\000A\0003}{chapter.5}% 41
\BOOKMARK [2][-]{subsection.5.1.1}{\376\377\000V\000e\000r\000i\000f\000i\000c\000a\000r\000e\000\040\000C\000a\000n\000t\000i\000t\000a\000t\000i\000v\001\003\000:\000\040\000C\000o\000e\000f\000i\000c\000i\000e\000n\000t\000u\000l\000\040\000G\000i\000n\000i\000\040\000a\000l\000\040\000C\000o\000n\000c\000e\000n\000t\000r\001\003\000r\000i\000i\000\040\000E\000r\000o\000r\000i\000i}{section.5.1}% 42
\BOOKMARK [1][-]{section.5.2}{\376\377\000R\000e\000g\000i\000m\000u\000r\000i\000\040\000d\000e\000\040\000C\000a\000r\000a\000c\000t\000e\000r\000i\000s\000t\000i\000c\000i\000\040\000D\000i\000s\000j\000u\000n\000c\000t\000e\000:\000\040\000A\000E\000+\000C\000o\000n\000t\000e\000x\000t\000\040\000v\000s\000.\000\040\000T\000e\000m\000p\000o\000r\000a\000l\000\040\000I\000F\000o\000r\000e\000s\000t}{chapter.5}% 43
\BOOKMARK [2][-]{subsection.5.2.1}{\376\377\000T\000e\000m\000p\000o\000r\000a\000l\000\040\000I\000F\000o\000r\000e\000s\000t\000:\000\040\000A\000t\000r\000i\000b\000u\000i\000r\000e\000\040\000S\000H\000A\000P\000\040\000p\000e\000\040\000T\000o\000a\000t\001\003\000\040\000F\000e\000r\000e\000a\000s\000t\000r\000a}{section.5.2}% 44
\BOOKMARK [2][-]{subsection.5.2.2}{\376\377\000A\000E\000+\000C\000o\000n\000t\000e\000x\000t\000:\000\040\000S\000H\000A\000P\000\040\000D\000o\000m\000i\000n\000a\000t\000\040\000d\000e\000\040\000C\000a\000r\000a\000c\000t\000e\000r\000i\000s\000t\000i\000c\000i\000\040\000d\000e\000\040\000C\000o\000n\000t\000e\000x\000t\000\040\000a\000l\000\040\000G\000a\000z\000d\000e\000i}{section.5.2}% 45
\BOOKMARK [2][-]{subsection.5.2.3}{\376\377\000C\000o\000n\000s\000t\000r\000u\000i\000r\000e\000a\000\040\000S\000c\000o\000r\000u\000l\000u\000i\000\040\000C\000o\000m\000b\000i\000n\000a\000t}{section.5.2}% 46
\BOOKMARK [2][-]{subsection.5.2.4}{\376\377\000A\000c\000o\000p\000e\000r\000i\000r\000e\000\040\000p\000e\000r\000\040\000C\000l\000a\000s\001\003\000\040\000v\000s\000.\000\040\000A\000P\000\040\000A\000g\000r\000e\000g\000a\000t}{section.5.2}% 47
\BOOKMARK [0][-]{chapter.6}{\376\377\000C\000o\000n\000c\000l\000u\000z\000i\000i}{}% 48
\BOOKMARK [0][-]{section*.20}{\376\377\000A\000n\000e\000x\000e}{}% 49
\BOOKMARK [0][-]{appendix.A}{\376\377\000D\000e\000t\000a\000l\000i\000i\000\040\000S\000u\000p\000l\000i\000m\000e\000n\000t\000a\000r\000e\000\040\000d\000e\000\040\000P\000r\000e\000p\000r\000o\000c\000e\000s\000a\000r\000e}{}% 50
\BOOKMARK [1][-]{appendix.A.1}{\376\377\000P\000r\000e\000p\000r\000o\000c\000e\000s\000a\000r\000e\000\040\000T\000a\000b\000e\000l\000a\000r\001\003\000\040\000\050\000C\000r\000e\000d\000i\000t\000\040\000C\000a\000r\000d\000\051}{appendix.A}% 51
\BOOKMARK [1][-]{appendix.A.2}{\376\377\000C\000r\000e\000a\000r\000e\000a\000\040\000d\000e\000\040\000F\000e\000r\000e\000s\000t\000r\000e\000\040\000p\000e\000n\000t\000r\000u\000\040\000S\000e\000r\000i\000i\000\040\000d\000e\000\040\000T\000i\000m\000p\000\040\000\050\000Y\000a\000h\000o\000o\000\040\000S\0005\000\051}{appendix.A}% 52
\BOOKMARK [1][-]{appendix.A.3}{\376\377\000P\000r\000e\000p\000r\000o\000c\000e\000s\000a\000r\000e\000a\000\040\000F\000l\000u\000x\000u\000r\000i\000l\000o\000r\000\040\000d\000e\000\040\000R\000e\002\033\000e\000a\000\040\000\050\000C\000I\000C\000-\000I\000D\000S\0002\0000\0001\0007\000\051}{appendix.A}% 53
\BOOKMARK [0][-]{appendix.B}{\376\377\000A\000l\000e\000g\000e\000r\000i\000\040\000l\000e\000g\000a\000t\000e\000\040\000d\000e\000\040\000H\000i\000p\000e\000r\000p\000a\000r\000a\000m\000e\000t\000r\000i\000\040\002\031\000i\000\040\000A\000n\000t\000r\000e\000n\000a\000r\000e}{}% 54
\BOOKMARK [1][-]{appendix.B.1}{\376\377\000I\000s\000o\000l\000a\000t\000i\000o\000n\000\040\000F\000o\000r\000e\000s\000t}{appendix.B}% 55
\BOOKMARK [1][-]{appendix.B.2}{\376\377\000O\000n\000e\000-\000C\000l\000a\000s\000s\000\040\000S\000V\000M}{appendix.B}% 56
\BOOKMARK [1][-]{appendix.B.3}{\376\377\000A\000u\000t\000o\000e\000n\000c\000o\000d\000e\000r\000\040\000F\000e\000e\000d\000f\000o\000r\000w\000a\000r\000d\000\040\000\050\000M\000L\000P\000\051}{appendix.B}% 57
\BOOKMARK [1][-]{appendix.B.4}{\376\377\000L\000S\000T\000M\000\040\000P\000r\000e\000d\000i\000c\000t\000i\000v}{appendix.B}% 58
\BOOKMARK [1][-]{appendix.B.5}{\376\377\000A\000u\000t\000o\000e\000n\000c\000o\000d\000e\000r\000\040\000L\000S\000T\000M}{appendix.B}% 59
\BOOKMARK [1][-]{appendix.B.6}{\376\377\000D\000e\000t\000a\000l\000i\000i\000\040\000d\000e\000\040\000A\000r\000h\000i\000t\000e\000c\000t\000u\000r\001\003\000:\000\040\000A\000u\000t\000o\000e\000n\000c\000o\000d\000e\000r\000e\000\040\000B\000a\000z\000a\000t\000e\000\040\000p\000e\000\040\000T\000r\000a\000n\000s\000f\000o\000r\000m\000e\000r}{appendix.B}% 60
\BOOKMARK [1][-]{appendix.B.7}{\376\377\000B\000o\000t\000t\000l\000e\000n\000e\000c\000k\000\040\000T\000r\000a\000n\000s\000f\000o\000r\000m\000e\000r\000\040\000A\000u\000t\000o\000e\000n\000c\000o\000d\000e\000r}{appendix.B}% 61
\BOOKMARK [1][-]{appendix.B.8}{\376\377\000C\000a\000u\000s\000a\000l\000\040\000T\000r\000a\000n\000s\000f\000o\000r\000m\000e\000r}{appendix.B}% 62
\BOOKMARK [0][-]{appendix.C}{\376\377\000P\000r\000o\000t\000o\000c\000o\000l\000u\000l\000\040\000d\000e\000\040\000E\000v\000a\000l\000u\000a\000r\000e\000:\000\040\000M\000e\000t\000r\000i\000c\000i\000\040\002\031\000i\000\040\000R\000e\000z\000u\000l\000t\000a\000t\000e\000\040\000C\000o\000m\000p\000l\000e\000t\000e}{}% 63
\BOOKMARK [1][-]{appendix.C.1}{\376\377\000M\000e\000t\000r\000i\000c\000i\000\040\000R\000a\000p\000o\000r\000t\000a\000t\000e}{appendix.C}% 64
\BOOKMARK [1][-]{appendix.C.2}{\376\377\000R\000e\000z\000u\000l\000t\000a\000t\000e\000\040\000C\000o\000m\000p\000l\000e\000t\000e\000\040\040\023\000\040\000C\000r\000e\000d\000i\000t\000\040\000C\000a\000r\000d\000\040\000F\000r\000a\000u\000d\000\040\000D\000e\000t\000e\000c\000t\000i\000o\000n}{appendix.C}% 65
\BOOKMARK [1][-]{appendix.C.3}{\376\377\000R\000e\000z\000u\000l\000t\000a\000t\000e\000\040\000C\000o\000m\000p\000l\000e\000t\000e\000\040\040\023\000\040\000Y\000a\000h\000o\000o\000\040\000W\000e\000b\000s\000c\000o\000p\000e\000\040\000S\0005}{appendix.C}% 66
\BOOKMARK [1][-]{appendix.C.4}{\376\377\000R\000e\000z\000u\000l\000t\000a\000t\000e\000\040\000C\000o\000m\000p\000l\000e\000t\000e\000\040\040\023\000\040\000C\000I\000C\000-\000I\000D\000S\0002\0000\0001\0007}{appendix.C}% 67
\BOOKMARK [1][-]{appendix.C.5}{\376\377\000D\000e\000t\000a\000l\000i\000e\000r\000e\000\040\000S\000u\000p\000l\000i\000m\000e\000n\000t\000a\000r\001\003\000\040\000p\000e\000\040\000T\000i\000p\000\040\000d\000e\000\040\000A\000t\000a\000c\000\040\040\023\000\040\000M\000o\000d\000e\000l\000e\000\040\000c\000u\000\040\000C\000o\000n\000t\000e\000x\000t}{appendix.C}% 68
\BOOKMARK [0][-]{appendix.D}{\376\377\000C\000o\000m\000p\000o\000z\000i\002\033\000i\000a\000\040\000p\000e\000\040\000C\000l\000a\000s\000e\000\040\000d\000e\000\040\000A\000t\000a\000c\000\040\000a\000\040\000S\000e\000t\000u\000l\000u\000i\000\040\000d\000e\000\040\000T\000e\000s\000t\000\040\000C\000I\000C\000-\000I\000D\000S\0002\0000\0001\0007}{}% 69
\BOOKMARK [0][-]{appendix.E}{\376\377\000V\000e\000r\000i\000f\000i\000c\000a\000r\000e\000\040\000d\000e\000\040\000R\000e\000f\000e\000r\000i\000n\002\033\001\003\000\040\000T\000r\000i\000v\000i\000a\000l\001\003\000\040\040\023\000\040\000Y\000a\000h\000o\000o\000\040\000S\0005\000\040\000\050\000D\000e\000t\000a\000l\000i\000i\000\051}{}% 70
\BOOKMARK [0][-]{appendix.F}{\376\377\000H\001\003\000r\002\033\000i\000\040\000T\000e\000r\000m\000i\000c\000e\000\040\000a\000l\000e\000\040\000E\000r\000o\000r\000i\000i\000\040\000d\000e\000\040\000R\000e\000c\000o\000n\000s\000t\000r\000u\000c\002\033\000i\000e\000\040\040\023\000\040\000Y\000a\000h\000o\000o\000\040\000A\0003}{}% 71
\BOOKMARK [0][-]{appendix.G}{\376\377\000D\000i\000a\000g\000n\000o\000s\000t\000i\000c\000e\000\040\000S\000H\000A\000P\000\040\000S\000u\000p\000l\000i\000m\000e\000n\000t\000a\000r\000e}{}% 72
\BOOKMARK [0][-]{appendix.H}{\376\377\000V\000a\000l\000i\000d\000a\000r\000e\000a\000\040\000S\000c\000o\000r\000u\000l\000u\000i\000\040\000T\000e\000m\000p\000o\000r\000a\000l\000\040\000I\000F\000o\000r\000e\000s\000t\000\040\000S\000u\000b\000\040\000E\000t\000i\000c\000h\000e\000t\000a\000r\000e\000\040\000p\000e\000\040\000U\000l\000t\000i\000m\000u\000l\000\040\000F\000l\000u\000x}{}% 73
\BOOKMARK [0][-]{appendix.I}{\376\377\000A\000l\000i\000n\000i\000e\000r\000e\000a\000\040\000S\000c\000o\000r\000u\000r\000i\000l\000o\000r\000\040\002\031\000i\000\040\000E\002\031\000e\000c\000u\000l\000\040\000S\000t\000a\000n\000d\000a\000r\000d\000i\000z\001\003\000r\000i\000i\000\040\000z\000\040\000p\000e\000n\000t\000r\000u\000\040\000A\000n\000s\000a\000m\000b\000l\000u\000l\000\040\000A\000E\000+\000C\000o\000n\000t\000e\000x\000t\000\040\000+\000\040\000T\000e\000m\000p\000o\000r\000a\000l\000\040\000I\000F\000o\000r\000e\000s\000t}{}% 74
\BOOKMARK [0][-]{appendix*.27}{\376\377\000B\000i\000b\000l\000i\000o\000g\000r\000a\000f\000i\000e}{}% 75
